----------------------------------------------------------------------------------------------------------------------------------
      name:  <unnamed>
       log:  E:\analyses\hiv-research\analysis\output/an_combineimputations.log
  log type:  text
 opened on:  12 Jul 2020, 16:14:41

. 
. 
. 
. 
. ********************************   NOTES  **************************************
. 
. *  Assumes region is string, taking  values: 
. *    East, East Midlands, London, North East, North West, South East, 
. *    South West, West Midlands, and Yorkshire and The Humber
. *
. *  Assumes ethnicity is numeric, taking values: 
. *       1, 2, 3, 4, 5, (missing: . or .u)
. *       in the order White, Black, Asian, Mixed, Other
. *       with value labels exactly as above. 
. *       (NB: this is now intially recoded from ordering: 
. *      White, Mixed, Asian, Black, Other)       
. *
. *
. *  Assumes a complete case sample other than ethnicity
. *
. ********************************************************************************
. 
. 
. 
. 
. 
. **************************
. *  Combine imputed data  *
. **************************
. 
. * Put imputed data together (across regions)
. use an_impute_1, clear
(Analysis dataset HIV project)

. 
. forvalues k= 2 (1) 9    {
  2. 
. append using an_impute_`k'
  3. }
(label ethnicity already defined)
(label ethnicity already defined)
(label ethnicity already defined)
(label ethnicity already defined)
(label ethnicity already defined)
(label ethnicity already defined)
(label ethnicity already defined)
(label ethnicity already defined)

. save an_combineimputations, replace
(note: file an_combineimputations.dta not found)
file an_combineimputations.dta saved

. forvalues k= 1 (1) 9    {
  2. *erase imputed_`k'.dta
. }

. 
. 
. log close
      name:  <unnamed>
       log:  E:\analyses\hiv-research\analysis\output/an_combineimputations.log
  log type:  text
 closed on:  12 Jul 2020, 16:14:49
----------------------------------------------------------------------------------------------------------------------------------
