----------------------------------------------------------------------------------------------------------------------------------
      name:  <unnamed>
       log:  E:\analyses\hiv-research\analysis\output/an_impute.log
  log type:  text
 opened on:  16 Jul 2020, 19:21:41

. 
. run global 

. 
. frames reset

. use "cr_create_analysis_dataset_STSET_onsdeath_fail1", clear
(Analysis dataset HIV project)

. 
. drop if _st==0
(470 observations deleted)

. 
. mi set wide

. mi register imputed ethnicity

. 
. *Gen NA Cum Haz
. sts generate cumh = na

. egen cumhgp = cut(cumh), group(5)

. replace cumhgp = cumhgp + 1
(17,282,435 real changes made)

. 
. mi impute mlogit ethnicity i.hiv i.stp $adjustmentlist i.cumhgp _d, add(10) rseed(3040985)

Univariate imputation                       Imputations =       10
Multinomial logistic regression                   added =       10
Imputed: m=1 through m=10                       updated =        0

------------------------------------------------------------------
                   |               Observations per m             
                   |----------------------------------------------
          Variable |   Complete   Incomplete   Imputed |     Total
-------------------+-----------------------------------+----------
         ethnicity |   12724742      4557693   4557693 |  17282435
------------------------------------------------------------------
(complete + incomplete = total; imputed is the minimum across m
 of the number of filled-in observations.)

. 
. save an_impute_imputeddata, replace
(note: file an_impute_imputeddata.dta not found)
file an_impute_imputeddata.dta saved

. 
. log close
      name:  <unnamed>
       log:  E:\analyses\hiv-research\analysis\output/an_impute.log
  log type:  text
 closed on:  16 Jul 2020, 20:17:01
----------------------------------------------------------------------------------------------------------------------------------
